##fileformat=VCFv4.2
##source=VCFX
##FILTER=<ID=PASS,Description="All filters passed">
##contig=<ID=chr1,length=248956422>
#CHROM	POS	ID	REF	ALT	QUAL	FILTER	INFO	FORMAT	SAMPLE1	SAMPLE2
