CHROM	POS	ID	REF	ALT	Classification
chr1	10000	mal1	A	G	SNP
