CHROM	POS	ID	REF	ALT	Classification
chr1	10000	multi1	A	G,T	SNP
chr1	20000	multi2	CAT	C,CATGGT	INDEL
chr1	30000	multi3	G	GACGT,<DEL>,GG	STRUCTURAL
chr1	40000	multi4	ATG	GTC,A,ATGC	MNV
