CHROM	POS	ID	REF	ALT	Num_Samples	Unique_Normalized_Genotypes	Concordance_Status
chr1	10000	rs123	A	G	3	1	CONCORDANT
chr1	20000	rs456	C	T	3	1	CONCORDANT
chr1	30000	rs789	G	A	3	1	CONCORDANT
chr2	15000	rs101	T	C	3	1	CONCORDANT
chr2	25000	rs102	G	T	3	1	CONCORDANT
