CHROM	POS	PREV_POS	DISTANCE
chr1	10000	NA	NA
chr1	10000	10000	0
chr1	20000	10000	10000
chr1	20000	20000	0
chr2	15000	NA	NA
chr2	15000	15000	0
