CHROM	POS	PREV_POS	DISTANCE
chr1	10000	NA	NA
chr1	20000	10000	10000
chr1	30000	20000	10000
chr2	5000	NA	NA
chr2	15000	5000	10000
chr2	25000	15000	10000
