CHROM	POS	ID	DP	AF	SAMPLE1:GT	SAMPLE2:GT
chr1	10100	rs1	51	20.01	0/1	0/0
chr1	10200	rs2	52	30.01	0/1	0/0
chr1	10300	rs3	53	40.01	0/1	0/0
