CHROM	POS	SAMPLE1:GT	SAMPLE1:DP	SAMPLE2:GT	SAMPLE2:DP
chr1	10000	0/1	30	0/0	25
chr1	20000	0/0	28	0/1	32
chr1	30000	0/1	15	0/0	14
chr1	40000	0/1	45	1/1	42
chr1	50000	0/0	10	0/1	8
