CHROM,POS,ID,REF,ALT,QUAL,FILTER,INFO,FORMAT,SAMPLE1,SAMPLE2
chr1,10000,rs123,A,G,100,PASS,DP=55;AF=0.25,GT:DP,0/1:30,0/0:25
chr1,20000,rs456,CA,T,80,PASS,DP=60;AF=0.10,GT:DP,0/0:28,0/1:32
chr1,30000,"rs789,rs999",G,"A,C",50,LowQual,DP=29;AF=0.05,GT:DP,0/1:15,0/0:14
chr1,40000,.,T,C,90,PASS,DP=87;AF=0.35,GT:DP,0/1:45,1/1:42
chr1,50000,rs102,GACT,T,30,LowQual,DP=18;AF=0.02,GT:DP,0/0:10,0/1:8
