CHROM	POS	ID	REF	ALT	Allele_Frequency
1	100	rs1	A	G	0.5000
1	200	rs2	C	T	0.3333
