CHROM	POS	ID	REF	ALT	Allele_Frequency
1	100	rs1	A	G,T	0.6667
1	200	rs2	C	T,G,A	0.8333
