CHROM	START	END	SAMPLE1	SAMPLE2
1	100	240	0|1|1|0|0|1|1|0	1|0|0|1|1|0|0|1
2	100	200	0|1|1|0|0|1	1|0|0|1|1|0
