CHROM	START	END	SAMPLE1	SAMPLE2
1	100	100	0|1	1|0
1	150	200	1|0|1|0	0|1|0|1
1	240	240	0|1	1|0
