Sample	Inferred_Population
AFR_SAMPLE1	AFR
AFR_SAMPLE2	AFR
AFR_SAMPLE3	AFR
