Sample	Inferred_Population
EAS_SAMPLE1	EAS
EAS_SAMPLE2	EAS
EAS_SAMPLE3	EAS
