Sample	Inferred_Population
EUR_MISS	EUR
AFR_MISS	AFR
EAS_MISS	EAS
