Sample	Inferred_Population
EUR_MULTI	EUR
AFR_MULTI	AFR
EAS_MULTI	EUR
