#CHROM	POS	ID	DP
1	400	.	180
1	500	.	200
1	600	.	220 
